[learnplus.demo.frontendmatter.com/instructor-dashboard.html]
[backblue.gif]
[fade.gif]
[index.html]
[learnplus.demo.frontendmatter.com/assets/vendor/perfect-scrollbar.css]
[learnplus.demo.frontendmatter.com/assets/css/material-icons.css]
[learnplus.demo.frontendmatter.com/assets/css/fontawesome.css]
[learnplus.demo.frontendmatter.com/assets/vendor/spinkit.css]
[learnplus.demo.frontendmatter.com/assets/css/app.css]
[learnplus.demo.frontendmatter.com/assets/images/logo/white.svg]
[learnplus.demo.frontendmatter.com/instructor-forum.html]
[learnplus.demo.frontendmatter.com/instructor-messages.html]
[learnplus.demo.frontendmatter.com/assets/images/people/110/woman-5.jpg]
[learnplus.demo.frontendmatter.com/assets/images/people/50/guy-6.jpg]
[learnplus.demo.frontendmatter.com/instructor-account-edit.html]
[learnplus.demo.frontendmatter.com/instructor-profile.html]
[learnplus.demo.frontendmatter.com/guest-login.html]
[learnplus.demo.frontendmatter.com/instructor-earnings.html]
[learnplus.demo.frontendmatter.com/instructor-statement.html]
[learnplus.demo.frontendmatter.com/instructor-course-edit.html]
[learnplus.demo.frontendmatter.com/assets/images/vuejs.png]
[learnplus.demo.frontendmatter.com/instructor-invoice.html]
[learnplus.demo.frontendmatter.com/assets/images/github.png]
[learnplus.demo.frontendmatter.com/assets/images/gulp.png]
[learnplus.demo.frontendmatter.com/assets/images/people/110/guy-9.jpg]
[learnplus.demo.frontendmatter.com/assets/images/people/110/guy-6.jpg]
[learnplus.demo.frontendmatter.com/student-dashboard.html]
[learnplus.demo.frontendmatter.com/guest-signup.html]
[learnplus.demo.frontendmatter.com/guest-forgot-password.html]
[learnplus.demo.frontendmatter.com/student-account-edit-basic.html]
[learnplus.demo.frontendmatter.com/student-account-edit-profile.html]
[learnplus.demo.frontendmatter.com/student-account-billing-subscription.html]
[learnplus.demo.frontendmatter.com/student-account-billing-upgrade.html]
[learnplus.demo.frontendmatter.com/student-account-billing-payment-information.html]
[learnplus.demo.frontendmatter.com/student-billing.html]
[learnplus.demo.frontendmatter.com/student-invoice.html]
[learnplus.demo.frontendmatter.com/instructor-edit-invoice.html]
[learnplus.demo.frontendmatter.com/instructor-messages-2.html]
[learnplus.demo.frontendmatter.com/instructor-courses.html]
[learnplus.demo.frontendmatter.com/instructor-quizzes.html]
[learnplus.demo.frontendmatter.com/instructor-forum-thread.html]
[learnplus.demo.frontendmatter.com/instructor-forum-ask.html]
[learnplus.demo.frontendmatter.com/student-profile.html]
[learnplus.demo.frontendmatter.com/student-profile-posts.html]
[learnplus.demo.frontendmatter.com/instructor-help-center.html]
[learnplus.demo.frontendmatter.com/ui-avatars.html]
[learnplus.demo.frontendmatter.com/ui-forms.html]
[learnplus.demo.frontendmatter.com/ui-loaders.html]
[learnplus.demo.frontendmatter.com/ui-tables.html]
[learnplus.demo.frontendmatter.com/ui-cards.html]
[learnplus.demo.frontendmatter.com/ui-tabs.html]
[learnplus.demo.frontendmatter.com/ui-icons.html]
[learnplus.demo.frontendmatter.com/ui-buttons.html]
[learnplus.demo.frontendmatter.com/ui-alerts.html]
[learnplus.demo.frontendmatter.com/ui-badges.html]
[learnplus.demo.frontendmatter.com/ui-progress.html]
[learnplus.demo.frontendmatter.com/ui-pagination.html]
[learnplus.demo.frontendmatter.com/ui-charts.html]
[learnplus.demo.frontendmatter.com/ui-drag.html]
[learnplus.demo.frontendmatter.com/ui-calendar.html]
[learnplus.demo.frontendmatter.com/ui-nestable.html]
[learnplus.demo.frontendmatter.com/ui-tree.html]
[learnplus.demo.frontendmatter.com/ui-maps-vector.html]
[learnplus.demo.frontendmatter.com/ui-sweet-alert.html]
[learnplus.demo.frontendmatter.com/fixed-instructor-dashboard.html]
[learnplus.demo.frontendmatter.com/assets/vendor/jquery.min.js]
[learnplus.demo.frontendmatter.com/assets/vendor/popper.min.js]
[learnplus.demo.frontendmatter.com/assets/vendor/bootstrap.min.js]
[learnplus.demo.frontendmatter.com/assets/vendor/perfect-scrollbar.min.js]
[learnplus.demo.frontendmatter.com/assets/vendor/dom-factory.js]
[learnplus.demo.frontendmatter.com/assets/vendor/material-design-kit.js]
[learnplus.demo.frontendmatter.com/assets/js/app.js]
[learnplus.demo.frontendmatter.com/assets/js/hljs.js]
[learnplus.demo.frontendmatter.com/assets/js/app-settings.js]
[learnplus.demo.frontendmatter.com/assets/js/settings.js]
[learnplus.demo.frontendmatter.com/assets/vendor/moment.min.js]
[learnplus.demo.frontendmatter.com/assets/vendor/moment-range.js]
[learnplus.demo.frontendmatter.com/assets/vendor/Chart.min.js]
[learnplus.demo.frontendmatter.com/assets/js/chartjs-rounded-bar.js]
[learnplus.demo.frontendmatter.com/assets/js/chartjs.js]
[learnplus.demo.frontendmatter.com/assets/js/page.instructor-dashboard.js]
[learnplus.demo.frontendmatter.com/assets/vendor/list.min.js]
[learnplus.demo.frontendmatter.com/instructor-dashboard.html]
[learnplus.demo.frontendmatter.com/assets/vendor/perfect-scrollbar.css]
[learnplus.demo.frontendmatter.com/assets/js/list.js]
[learnplus.demo.frontendmatter.com/assets/fonts/material-icons/MaterialIcons-Regular.eot]
[learnplus.demo.frontendmatter.com/assets/fonts/material-icons/MaterialIcons-Regular.woff2]
[learnplus.demo.frontendmatter.com/assets/fonts/material-icons/MaterialIcons-Regular.woff]
[learnplus.demo.frontendmatter.com/assets/css/material-icons.css]
[learnplus.demo.frontendmatter.com/assets/fonts/material-icons/MaterialIcons-Regular.ttf]
[learnplus.demo.frontendmatter.com/assets/fonts/fontawesome-free/fa-brands-400.eot]
[learnplus.demo.frontendmatter.com/assets/fonts/fontawesome-free/fa-brands-400d41d.eot]
[learnplus.demo.frontendmatter.com/assets/fonts/fontawesome-free/fa-brands-400.woff2]
[learnplus.demo.frontendmatter.com/assets/fonts/fontawesome-free/fa-brands-400.woff]
[learnplus.demo.frontendmatter.com/assets/fonts/fontawesome-free/fa-brands-400.ttf]
[learnplus.demo.frontendmatter.com/assets/fonts/fontawesome-free/fa-solid-900.eot]
[learnplus.demo.frontendmatter.com/assets/fonts/fontawesome-free/fa-brands-400.svg]
[learnplus.demo.frontendmatter.com/assets/fonts/fontawesome-free/fa-solid-900d41d.eot]
[learnplus.demo.frontendmatter.com/assets/fonts/fontawesome-free/fa-solid-900.woff2]
[learnplus.demo.frontendmatter.com/assets/fonts/fontawesome-free/fa-solid-900.woff]
[learnplus.demo.frontendmatter.com/assets/fonts/fontawesome-free/fa-solid-900.ttf]
[learnplus.demo.frontendmatter.com/assets/fonts/fontawesome-free/fa-regular-400.eot]
[learnplus.demo.frontendmatter.com/assets/fonts/fontawesome-free/fa-solid-900.svg]
[learnplus.demo.frontendmatter.com/assets/fonts/fontawesome-free/fa-regular-400d41d.eot]
[learnplus.demo.frontendmatter.com/assets/fonts/fontawesome-free/fa-regular-400.woff2]
[learnplus.demo.frontendmatter.com/assets/fonts/fontawesome-free/fa-regular-400.woff]
[learnplus.demo.frontendmatter.com/assets/fonts/fontawesome-free/fa-regular-400.ttf]
[learnplus.demo.frontendmatter.com/assets/css/fontawesome.css]
[learnplus.demo.frontendmatter.com/assets/vendor/spinkit.css]
[learnplus.demo.frontendmatter.com/assets/css/app.css]
[learnplus.demo.frontendmatter.com/assets/images/logo/white.svg]
[learnplus.demo.frontendmatter.com/assets/fonts/fontawesome-free/fa-regular-400.svg]
[learnplus.demo.frontendmatter.com/assets/images/people/50/guy-1.jpg]
[learnplus.demo.frontendmatter.com/assets/images/people/50/guy-2.jpg]
[learnplus.demo.frontendmatter.com/assets/images/people/50/woman-1.jpg]
[learnplus.demo.frontendmatter.com/assets/images/256_rsz_nicolas-horn-689011-unsplash.jpg]
[learnplus.demo.frontendmatter.com/assets/images/256_rsz_sharina-mae-agellon-377466-unsplash.jpg]
[learnplus.demo.frontendmatter.com/assets/images/256_rsz_karl-s-973833-unsplash.jpg]
[learnplus.demo.frontendmatter.com/instructor-forum.html]
[learnplus.demo.frontendmatter.com/fixed-instructor-forum.html]
[learnplus.demo.frontendmatter.com/assets/images/people/50/woman-5.jpg]
[learnplus.demo.frontendmatter.com/assets/images/people/50/woman-2.jpg]
[learnplus.demo.frontendmatter.com/assets/images/people/50/woman-3.jpg]
[learnplus.demo.frontendmatter.com/assets/images/people/50/guy-3.jpg]
[learnplus.demo.frontendmatter.com/fixed-instructor-messages.html]
[learnplus.demo.frontendmatter.com/instructor-messages.html]
[learnplus.demo.frontendmatter.com/assets/js/messages.js]
[learnplus.demo.frontendmatter.com/instructor-account-edit.html]
[learnplus.demo.frontendmatter.com/fixed-instructor-account-edit.html]
[learnplus.demo.frontendmatter.com/assets/images/people/110/guy-8.jpg]
[learnplus.demo.frontendmatter.com/assets/images/nodejs.png]
[learnplus.demo.frontendmatter.com/instructor-profile.html]
[learnplus.demo.frontendmatter.com/fixed-instructor-profile.html]
[learnplus.demo.frontendmatter.com/guest-login.html]
[learnplus.demo.frontendmatter.com/assets/images/logo/primary.svg]
[learnplus.demo.frontendmatter.com/fixed-instructor-earnings.html]
[learnplus.demo.frontendmatter.com/instructor-earnings.html]
[learnplus.demo.frontendmatter.com/assets/js/page.instructor-earnings.js]
[learnplus.demo.frontendmatter.com/assets/css/flatpickr.css]
[learnplus.demo.frontendmatter.com/assets/css/flatpickr-airbnb.css]
[learnplus.demo.frontendmatter.com/fixed-instructor-statement.html]
[learnplus.demo.frontendmatter.com/assets/vendor/flatpickr/flatpickr.min.js]
[learnplus.demo.frontendmatter.com/instructor-statement.html]
[learnplus.demo.frontendmatter.com/assets/js/flatpickr.js]
[learnplus.demo.frontendmatter.com/assets/css/quill.css]
[learnplus.demo.frontendmatter.com/assets/css/nestable.css]
[learnplus.demo.frontendmatter.com/instructor-lesson-add.html]
[learnplus.demo.frontendmatter.com/fixed-instructor-course-edit.html]
[learnplus.demo.frontendmatter.com/assets/vendor/jquery.nestable.js]
[learnplus.demo.frontendmatter.com/assets/js/nestable.js]
[learnplus.demo.frontendmatter.com/assets/vendor/quill.min.js]
[learnplus.demo.frontendmatter.com/instructor-course-edit.html]
[learnplus.demo.frontendmatter.com/assets/js/quill.js]
[learnplus.demo.frontendmatter.com/assets/images/visa.svg]
[learnplus.demo.frontendmatter.com/instructor-invoice.html]
[learnplus.demo.frontendmatter.com/fixed-instructor-invoice.html]
[learnplus.demo.frontendmatter.com/student-forum.html]
[learnplus.demo.frontendmatter.com/student-help-center.html]
[learnplus.demo.frontendmatter.com/student-cart.html]
[learnplus.demo.frontendmatter.com/student-messages.html]
[learnplus.demo.frontendmatter.com/student-account-edit.html]
[learnplus.demo.frontendmatter.com/student-my-courses.html]
[learnplus.demo.frontendmatter.com/student-take-course.html]
[learnplus.demo.frontendmatter.com/student-quiz-results.html]
[learnplus.demo.frontendmatter.com/student-forum-thread.html]
[learnplus.demo.frontendmatter.com/student-messages-2.html]
[learnplus.demo.frontendmatter.com/student-browse-courses.html]
[learnplus.demo.frontendmatter.com/student-view-course.html]
[learnplus.demo.frontendmatter.com/student-take-quiz.html]
[learnplus.demo.frontendmatter.com/student-forum-ask.html]
[learnplus.demo.frontendmatter.com/fixed-student-dashboard.html]
[learnplus.demo.frontendmatter.com/student-dashboard.html]
[learnplus.demo.frontendmatter.com/guest-signup.html]
[learnplus.demo.frontendmatter.com/guest-forgot-password.html]
[learnplus.demo.frontendmatter.com/assets/js/page.student-dashboard.js]
[learnplus.demo.frontendmatter.com/student-account-edit-basic.html]
[learnplus.demo.frontendmatter.com/fixed-student-account-edit-basic.html]
[learnplus.demo.frontendmatter.com/student-account-edit-profile.html]
[learnplus.demo.frontendmatter.com/fixed-student-account-edit-profile.html]
[learnplus.demo.frontendmatter.com/student-account-billing-subscription.html]
[learnplus.demo.frontendmatter.com/fixed-student-account-billing-subscription.html]
[learnplus.demo.frontendmatter.com/student-account-billing-upgrade.html]
[learnplus.demo.frontendmatter.com/fixed-student-account-billing-upgrade.html]
[learnplus.demo.frontendmatter.com/student-account-billing-payment-information.html]
[learnplus.demo.frontendmatter.com/fixed-student-account-billing-payment-information.html]
[learnplus.demo.frontendmatter.com/student-pay.html]
[learnplus.demo.frontendmatter.com/student-billing.html]
[learnplus.demo.frontendmatter.com/fixed-student-billing.html]
[learnplus.demo.frontendmatter.com/student-invoice.html]
[learnplus.demo.frontendmatter.com/fixed-student-invoice.html]
[learnplus.demo.frontendmatter.com/fixed-instructor-edit-invoice.html]
[learnplus.demo.frontendmatter.com/assets/js/toggle-check-all.js]
[learnplus.demo.frontendmatter.com/instructor-edit-invoice.html]
[learnplus.demo.frontendmatter.com/assets/js/check-selected-row.js]
[learnplus.demo.frontendmatter.com/instructor-messages-2.html]
[learnplus.demo.frontendmatter.com/fixed-instructor-messages-2.html]
[learnplus.demo.frontendmatter.com/instructor-quiz-edit.html]
[learnplus.demo.frontendmatter.com/instructor-courses.html]
[learnplus.demo.frontendmatter.com/fixed-instructor-courses.html]
[learnplus.demo.frontendmatter.com/instructor-review-quiz.html]
[learnplus.demo.frontendmatter.com/instructor-quizzes.html]
[learnplus.demo.frontendmatter.com/fixed-instructor-quizzes.html]
[cdn.jsdelivr.net/fontawesome/4.5.0/css/font-awesome.min.css]
[learnplus.demo.frontendmatter.com/fixed-instructor-forum-thread.html]
[learnplus.demo.frontendmatter.com/instructor-forum-thread.html]
[learnplus.demo.frontendmatter.com/instructor-forum-ask.html]
[learnplus.demo.frontendmatter.com/fixed-instructor-forum-ask.html]
[learnplus.demo.frontendmatter.com/assets/images/1280_rsz_aman-dhakal-205796-unsplash.jpg]
[learnplus.demo.frontendmatter.com/assets/images/256_rsz_clem-onojeghuo-150467-unsplash.jpg]
[learnplus.demo.frontendmatter.com/student-profile.html]
[learnplus.demo.frontendmatter.com/fixed-student-profile.html]
[learnplus.demo.frontendmatter.com/assets/images/stories/256_rsz_phil-hearing-769014-unsplash.jpg]
[learnplus.demo.frontendmatter.com/student-profile-posts.html]
[learnplus.demo.frontendmatter.com/fixed-student-profile-posts.html]
[learnplus.demo.frontendmatter.com/instructor-help-center.html]
[learnplus.demo.frontendmatter.com/fixed-instructor-help-center.html]
[learnplus.demo.frontendmatter.com/assets/images/256_rsz_florian-perennes-594195-unsplash.jpg]
[learnplus.demo.frontendmatter.com/assets/images/256_rsz_james-gillespie-714755-unsplash.jpg]
[learnplus.demo.frontendmatter.com/assets/images/256_rsz_90-jiang-640827-unsplash.jpg]
[learnplus.demo.frontendmatter.com/ui-avatars.html]
[learnplus.demo.frontendmatter.com/fixed-ui-avatars.html]
[learnplus.demo.frontendmatter.com/assets/css/bootstrap-touchspin.css]
[learnplus.demo.frontendmatter.com/fixed-ui-forms.html]
[learnplus.demo.frontendmatter.com/assets/vendor/jquery.bootstrap-touchspin.js]
[learnplus.demo.frontendmatter.com/assets/js/touchspin.js]
[learnplus.demo.frontendmatter.com/ui-forms.html]
[learnplus.demo.frontendmatter.com/assets/vendor/jquery.mask.min.js]
[learnplus.demo.frontendmatter.com/ui-loaders.html]
[learnplus.demo.frontendmatter.com/fixed-ui-loaders.html]
[learnplus.demo.frontendmatter.com/ui-tables.html]
[learnplus.demo.frontendmatter.com/fixed-ui-tables.html]
[learnplus.demo.frontendmatter.com/ui-cards.html]
[learnplus.demo.frontendmatter.com/fixed-ui-cards.html]
[learnplus.demo.frontendmatter.com/ui-tabs.html]
[learnplus.demo.frontendmatter.com/fixed-ui-tabs.html]
[learnplus.demo.frontendmatter.com/fixed-ui-icons.html]
[learnplus.demo.frontendmatter.com/assets/vendor/vue.min.js]
[learnplus.demo.frontendmatter.com/ui-icons.html]
[learnplus.demo.frontendmatter.com/assets/js/app-icons.js]
[learnplus.demo.frontendmatter.com/ui-buttons.html]
[learnplus.demo.frontendmatter.com/fixed-ui-buttons.html]
[learnplus.demo.frontendmatter.com/ui-alerts.html]
[learnplus.demo.frontendmatter.com/fixed-ui-alerts.html]
[learnplus.demo.frontendmatter.com/ui-badges.html]
[learnplus.demo.frontendmatter.com/fixed-ui-badges.html]
[learnplus.demo.frontendmatter.com/ui-progress.html]
[learnplus.demo.frontendmatter.com/fixed-ui-progress.html]
[learnplus.demo.frontendmatter.com/ui-pagination.html]
[learnplus.demo.frontendmatter.com/fixed-ui-pagination.html]
[learnplus.demo.frontendmatter.com/fixed-ui-charts.html]
[learnplus.demo.frontendmatter.com/ui-charts.html]
[learnplus.demo.frontendmatter.com/assets/js/page.ui-charts.js]
[learnplus.demo.frontendmatter.com/assets/images/stories/256_rsz_thomas-russell-751613-unsplash.jpg]
[learnplus.demo.frontendmatter.com/assets/images/stories/256_rsz_ross-sneddon-798476-unsplash.jpg]
[learnplus.demo.frontendmatter.com/fixed-ui-drag.html]
[learnplus.demo.frontendmatter.com/assets/vendor/dragula/dragula.min.js]
[learnplus.demo.frontendmatter.com/ui-drag.html]
[learnplus.demo.frontendmatter.com/assets/js/dragula.js]
[learnplus.demo.frontendmatter.com/assets/css/fullcalendar.css]
[learnplus.demo.frontendmatter.com/fixed-ui-calendar.html]
[learnplus.demo.frontendmatter.com/assets/vendor/fullcalendar.min.js]
[learnplus.demo.frontendmatter.com/ui-calendar.html]
[learnplus.demo.frontendmatter.com/assets/js/fullcalendar.js]
[learnplus.demo.frontendmatter.com/ui-nestable.html]
[learnplus.demo.frontendmatter.com/fixed-ui-nestable.html]
[learnplus.demo.frontendmatter.com/assets/css/fancytree.css]
[learnplus.demo.frontendmatter.com/fixed-ui-tree.html]
[cdn.jsdelivr.net/jquery.ui/1.11.4/jquery-ui.min.js]
[learnplus.demo.frontendmatter.com/assets/vendor/jquery.fancytree-all.min.js]
[learnplus.demo.frontendmatter.com/ui-tree.html]
[learnplus.demo.frontendmatter.com/assets/js/fancytree.js]
[learnplus.demo.frontendmatter.com/assets/vendor/jquery-jvectormap.css]
[learnplus.demo.frontendmatter.com/fixed-ui-maps-vector.html]
[learnplus.demo.frontendmatter.com/assets/vendor/jquery.jvectormap.min.js]
[learnplus.demo.frontendmatter.com/assets/data/vector-maps/custom/jquery-jvectormap-world-mill-en.js]
[learnplus.demo.frontendmatter.com/assets/data/vector-maps/custom/jquery-jvectormap-de-merc-en.js]
[learnplus.demo.frontendmatter.com/assets/data/vector-maps/custom/jquery-jvectormap-es-merc-en.js]
[learnplus.demo.frontendmatter.com/assets/data/vector-maps/custom/jquery-jvectormap-fr-merc-en.js]
[learnplus.demo.frontendmatter.com/assets/data/vector-maps/custom/jquery-jvectormap-us-aea-en.js]
[learnplus.demo.frontendmatter.com/assets/data/vector-maps/custom/jquery-jvectormap-us-lcc-en.js]
[learnplus.demo.frontendmatter.com/assets/data/vector-maps/custom/mall-map.js]
[learnplus.demo.frontendmatter.com/assets/data/vector-maps/data/gdp-data.js]
[learnplus.demo.frontendmatter.com/ui-maps-vector.html]
[learnplus.demo.frontendmatter.com/assets/js/vector-maps.js]
[learnplus.demo.frontendmatter.com/assets/css/sweetalert.css]
[learnplus.demo.frontendmatter.com/fixed-ui-sweet-alert.html]
[learnplus.demo.frontendmatter.com/assets/vendor/sweetalert.min.js]
[learnplus.demo.frontendmatter.com/ui-sweet-alert.html]
[learnplus.demo.frontendmatter.com/assets/js/sweetalert.js]
[learnplus.demo.frontendmatter.com/fixed-student-browse-courses.html]
[learnplus.demo.frontendmatter.com/fixed-student-view-course.html]
[learnplus.demo.frontendmatter.com/fixed-student-take-course.html]
[learnplus.demo.frontendmatter.com/fixed-student-take-quiz.html]
[learnplus.demo.frontendmatter.com/fixed-student-quiz-results.html]
[learnplus.demo.frontendmatter.com/fixed-student-my-courses.html]
[learnplus.demo.frontendmatter.com/fixed-instructor-dashboard.html]
[learnplus.demo.frontendmatter.com/assets/fonts/fontawesome-free/fa-brands-400.svg]
[learnplus.demo.frontendmatter.com/fixed-student-pay.html]
[learnplus.demo.frontendmatter.com/assets/fonts/fontawesome-free/fa-solid-900.svg]
[learnplus.demo.frontendmatter.com/assets/fonts/fontawesome-free/fa-regular-400.svg]
[learnplus.demo.frontendmatter.com/fixed-instructor-forum.html]
[learnplus.demo.frontendmatter.com/fixed-instructor-messages.html]
[learnplus.demo.frontendmatter.com/fixed-instructor-account-edit.html]
[learnplus.demo.frontendmatter.com/instructor-take-course.html]
[learnplus.demo.frontendmatter.com/fixed-instructor-profile.html]
[learnplus.demo.frontendmatter.com/assets/images/logo/primary.svg]
[learnplus.demo.frontendmatter.com/fixed-instructor-earnings.html]
[learnplus.demo.frontendmatter.com/assets/css/flatpickr.css]
[learnplus.demo.frontendmatter.com/assets/css/flatpickr-airbnb.css]
[learnplus.demo.frontendmatter.com/fixed-instructor-statement.html]
[learnplus.demo.frontendmatter.com/assets/css/quill.css]
[learnplus.demo.frontendmatter.com/assets/css/nestable.css]
[learnplus.demo.frontendmatter.com/assets/vendor/dropzone.min.css]
[learnplus.demo.frontendmatter.com/assets/css/dropzone.css]
[learnplus.demo.frontendmatter.com/fixed-instructor-lesson-add.html]
[learnplus.demo.frontendmatter.com/instructor-lesson-add.html]
[learnplus.demo.frontendmatter.com/fixed-instructor-course-edit.html]
[learnplus.demo.frontendmatter.com/instructor-cart.html]
[learnplus.demo.frontendmatter.com/instructor-view-course.html]
[learnplus.demo.frontendmatter.com/assets/images/visa.svg]
[learnplus.demo.frontendmatter.com/instructor-invoice-settings.html]
[learnplus.demo.frontendmatter.com/instructor-browse-courses.html]
[learnplus.demo.frontendmatter.com/instructor-take-quiz.html]
[learnplus.demo.frontendmatter.com/instructor-quiz-results.html]
[learnplus.demo.frontendmatter.com/instructor-my-courses.html]
[learnplus.demo.frontendmatter.com/assets/vendor/dropzone.min.js]
[learnplus.demo.frontendmatter.com/fixed-instructor-invoice.html]
[learnplus.demo.frontendmatter.com/student-forum.html]
[learnplus.demo.frontendmatter.com/fixed-student-forum.html]
[learnplus.demo.frontendmatter.com/student-help-center.html]
[learnplus.demo.frontendmatter.com/fixed-student-help-center.html]
[learnplus.demo.frontendmatter.com/student-cart.html]
[learnplus.demo.frontendmatter.com/fixed-student-cart.html]
[learnplus.demo.frontendmatter.com/student-messages.html]
[learnplus.demo.frontendmatter.com/fixed-student-messages.html]
[learnplus.demo.frontendmatter.com/student-account-edit.html]
[learnplus.demo.frontendmatter.com/fixed-student-account-edit.html]
[learnplus.demo.frontendmatter.com/student-my-courses.html]
[learnplus.demo.frontendmatter.com/student-take-course.html]
[learnplus.demo.frontendmatter.com/student-quiz-results.html]
[learnplus.demo.frontendmatter.com/student-forum-thread.html]
[learnplus.demo.frontendmatter.com/fixed-student-forum-thread.html]
[learnplus.demo.frontendmatter.com/student-messages-2.html]
[learnplus.demo.frontendmatter.com/student-browse-courses.html]
[learnplus.demo.frontendmatter.com/student-view-course.html]
[learnplus.demo.frontendmatter.com/fixed-student-messages-2.html]
[learnplus.demo.frontendmatter.com/assets/vendor/jquery.countdown.min.js]
[learnplus.demo.frontendmatter.com/student-take-quiz.html]
[learnplus.demo.frontendmatter.com/assets/js/countdown.js]
[learnplus.demo.frontendmatter.com/student-forum-ask.html]
[learnplus.demo.frontendmatter.com/fixed-student-dashboard.html]
[learnplus.demo.frontendmatter.com/fixed-student-account-edit-basic.html]
[learnplus.demo.frontendmatter.com/fixed-student-account-edit-profile.html]
[learnplus.demo.frontendmatter.com/fixed-student-account-billing-subscription.html]
[learnplus.demo.frontendmatter.com/student-signup.html]
[learnplus.demo.frontendmatter.com/fixed-student-forum-ask.html]
[learnplus.demo.frontendmatter.com/fixed-student-account-billing-upgrade.html]
[learnplus.demo.frontendmatter.com/fixed-student-account-billing-payment-information.html]
[learnplus.demo.frontendmatter.com/student-pay.html]
[learnplus.demo.frontendmatter.com/fixed-student-billing.html]
[learnplus.demo.frontendmatter.com/fixed-student-invoice.html]
[learnplus.demo.frontendmatter.com/fixed-instructor-edit-invoice.html]
[learnplus.demo.frontendmatter.com/fixed-instructor-messages-2.html]
[learnplus.demo.frontendmatter.com/instructor-quiz-edit.html]
[learnplus.demo.frontendmatter.com/fixed-instructor-courses.html]
[learnplus.demo.frontendmatter.com/fixed-instructor-quiz-edit.html]
[learnplus.demo.frontendmatter.com/instructor-review-quiz.html]
[learnplus.demo.frontendmatter.com/fixed-instructor-quizzes.html]
[cdn.jsdelivr.net/fontawesome/4.5.0/css/font-awesome.min.css]
[learnplus.demo.frontendmatter.com/assets/css/summernote.html]
[learnplus.demo.frontendmatter.com/fixed-instructor-forum-thread.html]
[learnplus.demo.frontendmatter.com/assets/vendor/summernote.min.html]
[learnplus.demo.frontendmatter.com/assets/js/summernote.html]
[learnplus.demo.frontendmatter.com/fixed-instructor-forum-ask.html]
[learnplus.demo.frontendmatter.com/fixed-student-profile.html]
[learnplus.demo.frontendmatter.com/fixed-student-profile-posts.html]
[learnplus.demo.frontendmatter.com/fixed-instructor-review-quiz.html]
[learnplus.demo.frontendmatter.com/fixed-instructor-help-center.html]
[learnplus.demo.frontendmatter.com/fixed-ui-avatars.html]
[learnplus.demo.frontendmatter.com/assets/css/bootstrap-touchspin.css]
[learnplus.demo.frontendmatter.com/index.html]
[learnplus.demo.frontendmatter.com/fixed-ui-forms.html]
[learnplus.demo.frontendmatter.com/fixed-ui-loaders.html]
[learnplus.demo.frontendmatter.com/fixed-ui-tables.html]
[learnplus.demo.frontendmatter.com/fixed-ui-cards.html]
[learnplus.demo.frontendmatter.com/fixed-ui-tabs.html]
[learnplus.demo.frontendmatter.com/fixed-ui-icons.html]
[learnplus.demo.frontendmatter.com/fixed-ui-buttons.html]
[learnplus.demo.frontendmatter.com/fixed-ui-alerts.html]
[learnplus.demo.frontendmatter.com/fixed-ui-badges.html]
[learnplus.demo.frontendmatter.com/fixed-ui-progress.html]
[learnplus.demo.frontendmatter.com/fixed-ui-pagination.html]
[learnplus.demo.frontendmatter.com/assets/css/morris.html]
[learnplus.demo.frontendmatter.com/fixed-ui-charts.html]
[learnplus.demo.frontendmatter.com/assets/vendor/dragula/dragula.min.css]
[learnplus.demo.frontendmatter.com/fixed-ui-drag.html]
[learnplus.demo.frontendmatter.com/assets/css/fullcalendar.css]
[learnplus.demo.frontendmatter.com/fixed-ui-calendar.html]
[learnplus.demo.frontendmatter.com/fixed-ui-nestable.html]
[learnplus.demo.frontendmatter.com/assets/css/fancytree.css]
[learnplus.demo.frontendmatter.com/fixed-ui-tree.html]
[learnplus.demo.frontendmatter.com/assets/vendor/jquery-jvectormap.css]
[learnplus.demo.frontendmatter.com/assets/css/jvectormap.css]
[learnplus.demo.frontendmatter.com/tutorials/data-visualization/index.html]
[learnplus.demo.frontendmatter.com/fixed-ui-maps-vector.html]
[learnplus.demo.frontendmatter.com/assets/css/sweetalert.css]
[learnplus.demo.frontendmatter.com/fixed-ui-sweet-alert.html]
[learnplus.demo.frontendmatter.com/fixed-student-browse-courses.html]
[learnplus.demo.frontendmatter.com/fixed-student-view-course.html]
[learnplus.demo.frontendmatter.com/fixed-student-take-course.html]
[learnplus.demo.frontendmatter.com/fixed-student-take-quiz.html]
[learnplus.demo.frontendmatter.com/fixed-student-quiz-results.html]
[learnplus.demo.frontendmatter.com/fixed-student-my-courses.html]
[learnplus.demo.frontendmatter.com/fixed-student-pay.html]
[learnplus.demo.frontendmatter.com/fixed-instructor-take-course.html]
[learnplus.demo.frontendmatter.com/assets/vendor/dropzone.min.css]
[learnplus.demo.frontendmatter.com/assets/css/dropzone.css]
[learnplus.demo.frontendmatter.com/fixed-instructor-lesson-add.html]
[learnplus.demo.frontendmatter.com/fixed-instructor-cart.html]
[learnplus.demo.frontendmatter.com/fixed-instructor-view-course.html]
[learnplus.demo.frontendmatter.com/fixed-instructor-invoice-settings.html]
[learnplus.demo.frontendmatter.com/fixed-instructor-browse-courses.html]
[learnplus.demo.frontendmatter.com/fixed-instructor-take-quiz.html]
[learnplus.demo.frontendmatter.com/fixed-instructor-quiz-results.html]
[learnplus.demo.frontendmatter.com/fixed-instructor-my-courses.html]
[learnplus.demo.frontendmatter.com/fixed-student-forum.html]
[learnplus.demo.frontendmatter.com/fixed-student-help-center.html]
[learnplus.demo.frontendmatter.com/fixed-student-cart.html]
[learnplus.demo.frontendmatter.com/fixed-student-messages.html]
[learnplus.demo.frontendmatter.com/fixed-student-account-edit.html]
[learnplus.demo.frontendmatter.com/student-student-take-course.html]
[learnplus.demo.frontendmatter.com/fixed-student-forum-thread.html]
[learnplus.demo.frontendmatter.com/fixed-student-messages-2.html]
[learnplus.demo.frontendmatter.com/fixed-student-forum-ask.html]
[learnplus.demo.frontendmatter.com/fixed-student-signup.html]
[learnplus.demo.frontendmatter.com/fixed-instructor-quiz-edit.html]
[learnplus.demo.frontendmatter.com/fixed-instructor-review-quiz.html]
[learnplus.demo.frontendmatter.com/fixed-student-courses.html]
[learnplus.demo.frontendmatter.com/fixed-student-quizzes.html]
[learnplus.demo.frontendmatter.com/fixed-student-earnings.html]
[learnplus.demo.frontendmatter.com/fixed-student-statement.html]
[learnplus.demo.frontendmatter.com/fixed-student-student-take-course.html]
